node.exe : (node:55416) ExperimentalWarning: VM Modules is an 
experimental feature and might change at any time
At C:\Program Files\nodejs\npx.ps1:16 char:5
+     & "$basedir/node$exe"  
"$basedir/node_modules/npm/bin/npx-cli.js" ...
+     ~~~~~~~~~~~~~~~~~~~~~~~~~~~~~~~~~~~~~~~~~~~~~~~~~~~~~~~~~~~~~~~~~
    + CategoryInfo          : NotSpecified: ((node:55416) Ex...nge at  
   any time:String) [], RemoteException
    + FullyQualifiedErrorId : NativeCommandError
 
(Use `node --trace-warnings ...` to show where the warning was created)
  console.log
    findIngress Trace: start=2025-05-31T20:00:00.000-04:00 val=true, end=2025-06-14T20:00:00.000-04:00 val=true

      at TransitScanner.findIngress (src/scanner.ts:78:17)

FAIL packages/events/tests/scanner.test.ts
  TransitScanner
    ├ù Finds Jupiter entrance into Gemini (June 2025) (43 ms)
    Γùï skipped Precision: Binary search finds event within 1 minute

  ΓùÅ TransitScanner ΓÇ║ Finds Jupiter entrance into Gemini (June 2025)

    Ingress time not found

    [0m [90m 35 |[39m             expect(ingressTime[33m.[39myear)
[33m.[39mtoBe([35m2025[39m)[33m;[39m
     [90m 36 |[39m         } [36melse[39m {
    [31m[1m>[22m[39m[90m 37 |[39m             [36mthrow[39m 
[36mnew[39m [33mError[39m([32m"Ingress time not 
found"[39m)[33m;[39m
     [90m    |[39m                   [31m[1m^[22m[39m
     [90m 38 |[39m         }
     [90m 39 |[39m     })[33m;[39m
     [90m 40 |[39m[0m

      at Object.<anonymous> (tests/scanner.test.ts:37:19)

Test Suites: 1 failed, 1 total
Tests:       1 failed, 1 skipped, 2 total
Snapshots:   0 total
Time:        0.786 s
Ran all test suites matching packages/events/tests/scanner.test.ts 
with tests matching "Finds Jupiter entrance".
